// Jest Snapshot v1, https://goo.gl/fbAQLP

exports[`take initial snapshot 1`] = `ShallowWrapper {}`;
